Found 4 candidates:
  func Alignof(x ArbitraryType) uintptr
  func Offsetof(x ArbitraryType) uintptr
  func Sizeof(x ArbitraryType) uintptr
  type Pointer uintptr
